A9 04
85 04
A6 04
E8 
E8 
A0 01
C8 
C8 
CA 
88 
88 
