1000 A9 00
1002 85 B7
1004 20 CB 13
1007 D8 
1008 A2 FF
100A 9A 
100B A2 C8
100D 86 B2
100F 20 FB 12
1012 20 C0 13
1015 C9 43
1017 D0 0E
1019 A2 1F
101B AD 80 15
101E 85 50
1020 CA 
1021 10 F8
1023 A2 1B
1025 86 DC
1027 A9 CC
1029 D0 0F
102B C9 45
102D D0 06
102F 20 76 11
1032 38 
1033 A9 01
1035 E5 B7
1037 85 B7
1039 A9 EE
103B D0 FD
103D C9 40
103F D0 01
1041 20 4E 12
1044 85 FB
1046 85 FA
1048 85 F9
104A D0 BB
104C C9 0D
104E D0 FA
1050 20 02 12
1053 4C CA 10
1056 C9 41
1058 F0 F5
105A 4C C5 10
105D 4C 00 FF
1060 A6 B5
1062 30 36
1064 A5 B0
1066 F0 F2
1068 E0 08
106A D0 EE
106C C5 E6
106E F0 0B
1070 E6 E3
1072 C9 01
1074 D0 EA
1076 E6 E3
1078 50 FF
107A A0 0F
107C A5 B1
107E C5 60
1080 F0 E7
1082 88 
1083 10 F9
1085 AD B1 15
1088 C5 E4
108A 90 E6
108C 84 E6
108E 85 E4
1090 18 
1091 08 
1092 65 E5
1094 85 E5
1096 28 
1097 E0 04
1099 F0 E1
109B 30 08
109D 60 
109E A5 E8
10A0 85 DD
10A2 A9 00
10A4 85 B5
10A6 20 02 12
10A9 20 76 11
10AC 20 DA 10
10AF 20 76 11
10B2 A9 08
10B4 85 B5
10B6 20 E8 11
10B9 4C A3 12
10BC E0 F9
10BE D0 E5
10C0 A5 60
10C2 C5 B1
10C4 D0 DE
10C6 A9 00
10C8 85 B4
10CA 60 
10CB 50 FD
10CD A0 07
10CF A5 B1
10D1 C5 60
10D3 F0 DD
10D5 88 
10D6 F0 F2
10D8 10 F7
10DA AD B1 15
10DD C5 E2
10DF 90 D8
10E1 85 E2
10E3 C6 B5
10E5 A9 FB
10E7 C5 B5
10E9 F0 D7
10EB 20 DC 11
10EE E6 B5
10F0 60 
10F1 C9 08
10F3 B0 E2
10F5 20 93 12
10F8 A2 1F
10FA A5 50
10FC C5 FA
10FE F0 D3
1100 CA 
1101 10 F7
1103 86 FB
1105 86 B0
1107 4C 07 10
110A A2 10
110C A9 00
110E 85 DE
1110 CA 
1111 10 FB
1113 A9 10
1115 85 B0
1117 C6 B0
1119 10 CF
111B 60 
111C 20 D5 11
111F A4 B0
1121 A2 08
1123 86 B6
1125 C0 08
1127 10 05
1129 C0 06
112B 10 F2
112D C0 04
112F 10 E3
1131 C0 01
1133 F0 CD
1135 10 D2
1137 20 58 11
113A D0 FB
113C F0 D9
113E 20 64 11
1141 D0 FB
1143 F0 D2
1145 A2 04
1147 86 B6
1149 20 64 11
114C D0 FB
114E F0 C7
1150 20 64 11
1153 A5 B6
1155 C9 04
1157 D0 F7
1159 F0 BC
115B A2 10
115D 86 B6
115F 20 58 11
1162 A5 B6
1164 C9 08
1166 D0 F7
1168 F0 AD
116A A2 06
116C 86 B6
116E 20 8E 11
1171 50 C5
1173 30 C3
1175 20 60 10
1178 20 D5 11
117B C6 B6
117D A5 B6
117F C9 05
1181 F0 EB
1183 20 8E 11
1186 70 8F
1188 30 8D
118A 20 60 10
118D A5 B1
118F 29 F0
1191 C9 20
1193 F0 EE
1195 4C 17 11
1198 20 8E 11
119B 30 C1
119D 20 60 10
11A0 20 D5 11
11A3 C6 B6
11A5 60 
11A6 20 8E 11
11A9 90 BE
11AB 50 F9
11AD 30 C1
11AF 08 
11B0 20 60 10
11B3 28 
11B4 50 F0
11B6 20 D5 11
11B9 C6 B6
11BB 60 
11BC A2 0F
11BE 38 
11BF A4 60
11C1 A9 77
11C3 E5 50
11C5 85 60
11C7 84 50
11C9 38 
11CA A9 77
11CC E5 50
11CE 85 50
11D0 CA 
11D1 10 EB
11D3 60 
11D4 A5 B1
11D6 A6 B6
11D8 18 
11D9 6D A0 15
11DC 85 B1
11DE 29 88
11E0 D0 EE
11E2 A5 B1
11E4 A2 20
11E6 CA 
11E7 30 C0
11E9 C5 50
11EB D0 F9
11ED E0 10
11EF 30 DF
11F1 A9 7F
11F3 69 01
11F5 70 B3
11F7 B8 
11F8 A5 B5
11FA 30 D0
11FC C9 08
11FE 10 CC
1200 48 
1201 08 
1202 A9 F9
1204 85 B5
1206 85 B4
1208 20 02 12
120B 20 BC 11
120E 20 13 11
1211 20 E5 11
1214 28 
1215 68 
1216 85 B5
1218 A5 B4
121A 30 B0
121C 38 
121D A9 FF
121F 60 
1220 18 
1221 A9 00
1223 60 
1224 A9 FF
1226 18 
1227 B8 
1228 60 
1229 A6 B0
122B A5 50
122D 85 B1
122F 60 
1230 20 02 12
1233 20 BC 11
1236 20 13 11
1239 20 BC 11
123C 8A 
123D 86 B3
123F A6 B2
1241 9A 
1242 68 
1243 85 B6
1245 68 
1246 85 B0
1248 AA 
1249 68 
124A 85 50
124C 68 
124D AA 
124E 68 
124F 85 B1
1251 85 50
1253 4C 25 12
1256 8A 
1257 86 B3
1259 A6 B2
125B 9A 
125C A5 B1
125E 48 
125F A8 
1260 A2 1F
1262 C5 50
1264 F0 AD
1266 CA 
1267 10 F9
1269 A9 CC
126B 85 50
126D 8A 
126E 48 
126F A6 B0
1271 A5 50
1273 84 50
1275 48 
1276 8A 
1277 48 
1278 A5 B6
127A 48 
127B 8A 
127C 86 B2
127E A6 B3
1280 9A 
1281 60 
1282 A4 E4
1284 EC B1 15
1287 D0 AA
1289 A9 00
128B F0 AC
128D A6 E3
128F D0 A8
1291 A6 EE
1293 D0 A4
1295 A9 FF
1297 A2 04
1299 86 B5
129B C5 FA
129D 90 AA
129F F0 A8
12A1 85 FA
12A3 A5 B0
12A5 85 FB
12A7 A5 B1
12A9 85 F9
12AB A9 2E
12AD 4C E1 13
12B0 A6 DC
12B2 30 B4
12B4 A5 F9
12B6 CD C1 15
12B9 D0 A9
12BB CA 
12BC AD C1 15
12BF 85 FB
12C1 CA 
12C2 AD C1 15
12C5 85 F9
12C7 CA 
12C8 86 DC
12CA D0 B2
12CC A9 FF
12CE 85 DC
12D0 A2 0C
12D2 86 B5
12D4 86 FA
12D6 A2 14
12D8 20 0C 11
12DB A2 04
12DD 86 B5
12DF 20 0A 11
12E2 A6 FA
12E4 E0 0F
12E6 90 A8
12E8 A6 FB
12EA A5 50
12EC 85 FA
12EE 86 B0
12F0 A5 F9
12F2 85 B1
12F4 20 56 12
12F7 4C 07 10
12FA A9 FF
12FC 60 
12FD A2 04
12FF 06 F9
1301 26 FA
1303 CA 
1304 D0 F9
1306 05 F9
1308 85 F9
130A 85 B1
130C 60 
130D 18 
130E A9 80
1310 65 EB
1312 65 EC
1314 65 ED
1316 65 E1
1318 65 DF
131A 38 
131B E5 F0
131D E5 F1
131F E5 E2
1321 E5 E0
1323 E5 DE
1325 E5 EF
1327 E5 E3
1329 B0 96
132B A9 00
132D 4A 
132E 18 
132F 69 40
1331 65 EC
1333 65 ED
1335 38 
1336 E5 E4
1338 4A 
1339 18 
133A 69 90
133C 65 DD
133E 65 DD
1340 65 DD
1342 65 DD
1344 65 E1
1346 38 
1347 E5 E4
1349 E5 E4
134B E5 E5
134D E5 E5
134F E5 E0
1351 A6 B1
1353 E0 33
1355 F0 9E
1357 E0 34
1359 F0 9A
135B E0 22
135D F0 96
135F E0 25
1361 F0 92
1363 A6 B0
1365 F0 91
1367 A4 50
1369 C0 10
136B 10 8B
136D 18 
136E 69 02
1370 4C 82 12
1373 20 90 13
1376 20 B4 13
1379 20 9B 13
137C A0 00
137E 20 62 13
1381 A9 7C
1383 20 E1 13
1386 A2 1F
1388 98 
1389 C5 50
138B F0 C2
138D CA 
138E 10 F8
1390 98 
1391 29 01
1393 85 FC
1395 98 
1396 4A 
1397 4A 
1398 4A 
1399 4A 
139A 29 01
139C 18 
139D 65 FC
139F 29 01
13A1 D0 87
13A3 A9 
13A5 2C 
13A6 A9 20
13A8 20 E1 13
13AB 20 E1 13
13AE C8 
13AF 98 
13B0 29 08
13B2 F0 CD
13B4 A9 7C
13B6 20 E1 13
13B9 20 AD 13
13BC 20 90 13
13BF 20 62 13
13C2 18 
13C3 98 
13C4 69 08
13C6 A8 
13C7 C0 80
13C9 F0 A9
13CB D0 B4
13CD A5 B7
13CF F0 83
13D1 AD 4E 14
13D4 D0 81
13D6 AD 4E 14
13D9 20 E1 13
13DC AD 7E 14
13DF 20 E1 13
13E2 D0 CA
13E4 8A 
13E5 48 
13E6 A2 19
13E8 A9 
13EA 20 E1 13
13ED CA 
13EE D0 FA
13F0 68 
13F1 AA 
13F2 20 90 13
13F5 60 
13F6 20 9B 13
13F9 A5 FB
13FB 20 EE 13
13FE A9 20
1400 20 E1 13
1403 A5 FA
1405 20 EE 13
1408 A9 20
140A 20 E1 13
140D A5 F9
140F 20 EE 13
1412 A9 0D
1414 20 E1 13
1417 A9 0A
1419 20 E1 13
141C 60 
141D A2 00
141F A9 20
1421 20 E1 13
1424 8A 
1425 20 EE 13
1428 E8 
1429 E0 08
142B D0 F2
142D F0 E3
142F 98 
1430 29 70
1432 20 EE 13
1435 60 
1436 A2 00
1438 AD 12 14
143B F0 82
143D 20 E1 13
1440 E8 
1441 D0 F5
1443 60 
1444 A9 3F
1446 20 E1 13
1449 20 D6 13
144C 29 4F
144E 60 
144F A9 1F
1451 8D 73 7F
1454 A9 0B
1456 8D 72 7F
1459 60 
145A AD 71 7F
145D 29 08
145F F0 F9
1461 AD 70 7F
1464 60 
1465 48 
1466 AD 71 7F
1469 29 10
146B F0 F9
146D 68 
146E 8D 70 7F
1471 60 
1472 48 
1473 4A 
1474 4A 
1475 4A 
1476 4A 
1477 20 F7 13
147A 68 
147B 5A 
147C 29 0F
147E A8 
147F AD 02 14
1482 7A 
1483 4C 65 14
1486 30 
1487 31 
1488 32 
1489 33 
148A 34 
148B 35 
148C 36 
148D 37 
148E 38 
148F 39 
1490 41 
1491 42 
1492 43 
1493 44 
1494 45 
1495 46 
1496 4D 
1497 49 
1498 43 
1499 52 
149A 4F 
149B 43 
149C 48 
149D 45 
149E 53 
149F 53 
14A0 20 
14A1 28 
14A2 43 
14A3 29 
14A4 20 
14A5 31 
14A6 39 
14A7 39 
14A8 36 
14A9 2D 
14AA 32 
14AB 30 
14AC 30 
14AD 32 
14AE 20 
14AF 50 
14B0 45 
14B1 54 
14B2 45 
14B3 52 
14B4 20 
14B5 4A 
14B6 45 
14B7 4E 
14B8 4E 
14B9 49 
14BA 4E 
14BB 47 
14BC 53 
14BD 2C 
14BE 20 
14BF 50 
14C0 45 
14C1 54 
14C2 45 
14C3 52 
14C4 4A 
14C5 40 
14C6 42 
14C7 45 
14C8 4E 
14C9 4C 
14CA 4F 
14CB 2E 
14CC 43 
14CD 4F 
14CE 4D 
14CF 0D 
14D0 0A 
14D1 00 
14D2 57 
14D3 57 
14D4 57 
14D5 57 
14D6 57 
14D7 57 
14D8 57 
14D9 57 
14DA 57 
14DB 57 
14DC 57 
14DD 57 
14DE 57 
14DF 57 
14E0 57 
14E1 57 
14E2 42 
14E3 42 
14E4 42 
14E5 42 
14E6 42 
14E7 42 
14E8 42 
14E9 42 
14EA 42 
14EB 42 
14EC 42 
14ED 42 
14EE 42 
14EF 42 
14F0 42 
14F1 42 
14F2 57 
14F3 57 
14F4 57 
14F5 57 
14F6 57 
14F7 57 
14F8 57 
14F9 57 
14FA 57 
14FB 57 
14FC 57 
14FD 57 
14FE 57 
14FF 57 
1500 57 
1501 57 
1502 4B 
1503 51 
1504 43 
1505 43 
1506 42 
1507 42 
1508 52 
1509 52 
150A 50 
150B 50 
150C 50 
150D 50 
150E 50 
150F 50 
1510 50 
1511 50 
1512 4B 
1513 51 
1514 43 
1515 43 
1516 42 
1517 42 
1518 52 
1519 52 
151A 50 
151B 50 
151C 50 
151D 50 
151E 50 
151F 50 
1520 50 
1521 50 
1522 00 
1580 03 
1581 04 
1582 00 
1583 07 
1584 02 
1585 05 
1586 01 
1587 06 
1588 10 
1589 17 
158A 11 
158B 16 
158C 12 
158D 15 
158E 14 
158F 13 
1590 73 
1591 74 
1592 70 
1593 77 
1594 72 
1595 75 
1596 71 
1597 76 
1598 60 
1599 67 
159A 61 
159B 66 
159C 62 
159D 65 
159E 64 
159F 63 
15A0 00 
15A1 F0 
15A2 FF 
15A3 01 
15A4 10 
15A5 11 
15A6 0F 
15A7 EF 
15A8 F1 
15A9 DF 
15AA E1 
15AB EE 
15AC F2 
15AD 12 
15AE 0E 
15AF 1F 
15B0 21 
15B1 0B 
15B2 0A 
15B3 06 
15B4 06 
15B5 04 
15B6 04 
15B7 04 
15B8 04 
15B9 02 
15BA 02 
15BB 02 
15BC 02 
15BD 02 
15BE 02 
15BF 02 
15C0 02 
15C1 99 
15C2 25 
15C3 0B 
15C4 25 
15C5 01 
15C6 00 
15C7 33 
15C8 25 
15C9 07 
15CA 36 
15CB 34 
15CC 0D 
15CD 34 
15CE 34 
15CF 0E 
15D0 52 
15D1 25 
15D2 0D 
15D3 45 
15D4 35 
15D5 04 
15D6 55 
15D7 22 
15D8 06 
15D9 43 
15DA 33 
15DB 0F 
15DC CC 
