A9 01
48 
A9 02
48 
68 
AA 
68 
A8 
8A 
84 01
65 01
