0100 20 09 01
0103 20 0C 01
0106 20 12 01
0109 A2 00
010B 60 
010C E8 
010D E0 05
010F D0 FB
0111 60 
0112 00 
