A0 DF
8C 04 23
A0 0
A4 23
A9 34
2A 
AA 
A9 90
69 10
09 1
48 
A9 0
68 
38 
F8 
A9 10
A5 20
D0 E6
